[?25l                                                                        
                                                                        
                                                                        
    [38;2;113;208;131;48;2;24;40;29m[0m[48;2;24;40;29m                                                                [0m    
    [48;2;24;40;29m                                                                [0m    
    [48;2;24;40;29m                                                                [0m    
    [48;2;24;40;29m                                                                [0m    
    [48;2;24;40;29m                                                                [0m    
    [48;2;24;40;29m                                                                [0m    
    [48;2;24;40;29m                                                                [0m    
    [48;2;24;40;29m                                                                [0m    
    [48;2;24;40;29m                                                                [0m    
    [48;2;24;40;29m                                                                [0m    
    [48;2;24;40;29m                                                                [0m    
    [48;2;24;40;29m                                                                [0m    
    [48;2;24;40;29m                                                                [0m    
    [48;2;24;40;29m                                                                [0m    
    [48;2;24;40;29m                                                                [0m    
    [48;2;24;40;29m                                                                [0m    
    [48;2;24;40;29m                                                                [0m    
    [48;2;24;40;29m                                                                [0m    
    [48;2;24;40;29m                                                                [0m    
    [48;2;24;40;29m                                                                [0m    
    [48;2;24;40;29m                                                                [0m    
    [48;2;24;40;29m                                                                [0m    
    [48;2;24;40;29m                                                                [0m    
    [48;2;24;40;29m                                                                [0m    
                                                                        
                                                                        
                                                                        
                                                                        
[38;2;97;97;97mq[0m [38;2;73;73;73mquit[0m                                                                  [72D[2K[?25h[?1002l[?1003l